     1                                 %line 1+1 assignment02_addition.asm
     2                                 [section .data]
     3                                 SYS_exit equ 60
     4                                 EXIT_SUCCESS equ 0
     5                                 
     6 00000000 DCFE                   num1 dw 0xFEDC
     7 00000002 3412                   num2 dw 0x1234
     8 00000004 00000000               sum dd 0
     9                                 
    10                                 [section .text]
    11                                 [global _start]
    12                                 _start:
    13                                 
    14 00000000 F8                      clc
    15                                 
    16                                 
    17 00000001 668B0425[00000000]      mov ax, word [num1]
    18                                 
    19                                 
    20 00000009 66030425[00000000]      add ax, word [num2]
    21                                 
    22                                 
    23                                 
    24 00000011 66890425[00000000]      mov word [sum], ax
    25                                 
    26                                 
    27                                 
    28 00000019 66BA0000                mov dx, 0
    29 0000001D 6683D200                adc dx, 0
    30                                 
    31                                 
    32 00000021 66891425[02000000]      mov word [sum+2], dx
    33                                 
    34                                 
    35 00000029 48C7C03C000000          mov rax, SYS_exit
    36 00000030 48C7C700000000          mov rdi, EXIT_SUCCESS
    37 00000037 0F05                    syscall
